\BOOKMARK [0][-]{chapter.1}{\376\377\147\201\226\120\116\016\217\336\176\355}{}% 1
\BOOKMARK [1][-]{section.1.1}{\376\377\147\201\226\120\116\016\217\336\176\355\176\303\116\140}{chapter.1}% 2
\BOOKMARK [0][-]{chapter.2}{\376\377\137\256\122\006\116\055\120\074\133\232\164\006\166\204\213\301\146\016\230\230}{}% 3
\BOOKMARK [1][-]{section.2.1}{\376\377\137\256\122\006\116\055\120\074\133\232\164\006\166\204\213\301\146\016\230\230\176\303\116\140}{chapter.2}% 4
\BOOKMARK [0][-]{chapter.3}{\376\377\154\360\122\322\121\154\137\017}{}% 5
\BOOKMARK [1][-]{section.3.1}{\376\377\000f\000\050\000x\000\051\166\204\134\125\137\000\137\017}{chapter.3}% 6
\BOOKMARK [1][-]{section.3.2}{\376\377\154\360\122\322\121\154\137\017\154\102\147\201\226\120}{chapter.3}% 7
\BOOKMARK [1][-]{section.3.3}{\376\377\154\360\122\322\121\154\137\017\154\102\232\330\226\066\133\374}{chapter.3}% 8
\BOOKMARK [1][-]{section.3.4}{\376\377\122\051\165\050\154\360\122\322\121\154\137\017\213\301\146\016}{chapter.3}% 9
\BOOKMARK [0][-]{chapter.4}{\376\377\116\000\121\103\121\375\145\160\171\357\122\006\133\146}{}% 10
\BOOKMARK [1][-]{section.4.1}{\376\377\171\357\122\006\210\150\202\202\220\011}{chapter.4}% 11
\BOOKMARK [1][-]{section.4.2}{\376\377\116\011\211\322\121\375\145\160\171\357\122\006}{chapter.4}% 12
\BOOKMARK [2][-]{subsection.4.2.1}{\376\377\221\115\121\321\154\325}{section.4.2}% 13
\BOOKMARK [2][-]{subsection.4.2.2}{\376\377\116\000\153\041\122\006\153\315\116\011\211\322\122\006\137\017\166\204\131\004\164\006}{section.4.2}% 14
\BOOKMARK [2][-]{subsection.4.2.3}{\376\377\116\007\200\375\116\343\143\142}{section.4.2}% 15
\BOOKMARK [1][-]{section.4.3}{\376\377\123\315\136\070\171\357\122\006}{chapter.4}% 16
\BOOKMARK [2][-]{subsection.4.3.1}{\376\377\123\315\136\070\171\357\122\006\145\133\145\143\140\047}{section.4.3}% 17
\BOOKMARK [2][-]{subsection.4.3.2}{\376\377\123\315\136\070\171\357\122\006\166\204\213\241\173\227}{section.4.3}% 18
\BOOKMARK [1][-]{section.4.4}{\376\377\133\232\171\357\122\006\166\204\136\224\165\050}{chapter.4}% 19
\BOOKMARK [2][-]{subsection.4.4.1}{\376\377\145\313\217\154\117\123\166\204\117\123\171\357}{section.4.4}% 20
\BOOKMARK [2][-]{subsection.4.4.2}{\376\377\145\313\217\154\117\123\166\204\210\150\227\142\171\357}{section.4.4}% 21
\BOOKMARK [1][-]{section.4.5}{\376\377\171\357\122\006\176\303\116\140}{chapter.4}% 22
\BOOKMARK [0][-]{chapter.5}{\376\377\136\070\137\256\122\006\145\271\172\013}{}% 23
\BOOKMARK [1][-]{section.5.1}{\376\377\123\357\122\006\171\273\123\330\221\317\166\204\137\256\122\006\145\271\172\013}{chapter.5}% 24
\BOOKMARK [1][-]{section.5.2}{\376\377\237\120\153\041\137\256\122\006\145\271\172\013}{chapter.5}% 25
\BOOKMARK [1][-]{section.5.3}{\376\377\116\000\226\066\176\277\140\047\137\256\122\006\145\271\172\013}{chapter.5}% 26
\BOOKMARK [1][-]{section.5.4}{\376\377\117\057\122\252\122\051\145\271\172\013}{chapter.5}% 27
\BOOKMARK [1][-]{section.5.5}{\376\377\116\214\226\066\123\357\226\115\226\066\137\256\122\006\145\271\172\013}{chapter.5}% 28
\BOOKMARK [2][-]{subsection.5.5.1}{\376\377\000y\000'\000'\000=\000f\000\050\000x\000,\000y\000'\000\051\127\213}{section.5.5}% 29
\BOOKMARK [2][-]{subsection.5.5.2}{\376\377\000y\000'\000'\000=\000f\000\050\000y\000,\000y\000'\000\051\127\213}{section.5.5}% 30
\BOOKMARK [1][-]{section.5.6}{\376\377\116\214\226\066\136\070\174\373\145\160\176\277\140\047\137\256\122\006\145\271\172\013}{chapter.5}% 31
\BOOKMARK [2][-]{subsection.5.6.1}{\376\377\237\120\153\041\145\271\172\013}{section.5.6}% 32
\BOOKMARK [2][-]{subsection.5.6.2}{\376\377\227\136\237\120\153\041\145\271\172\013}{section.5.6}% 33
\BOOKMARK [1][-]{section.5.7}{\376\377\232\330\226\066\136\070\174\373\145\160\176\277\140\047\237\120\153\041\137\256\122\006\145\271\172\013}{chapter.5}% 34
\BOOKMARK [1][-]{section.5.8}{\376\377\153\047\142\311\145\271\172\013}{chapter.5}% 35
\BOOKMARK [1][-]{section.5.9}{\376\377\137\256\122\006\145\271\172\013\176\303\116\140}{chapter.5}% 36
